Component: ARM Compiler 5.06 update 4 (build 422) Tool: armlink [4d35d2]

==============================================================================

Section Cross References

    3140.o(myProg) refers to process_soln.o(i.process_select) for process_select
    3140.o(myProg) refers to 3140.o(myData) for OrigStackPointer
    3140_concur.o(i.process_stack_free) refers to malloc2.o(i.__free$2region) for free
    3140_concur.o(i.process_stack_init) refers to malloc2.o(i.__malloc$2region) for malloc
    3140_concur.o(i.process_stack_init) refers to 3140.o(myProg) for process_terminated
    utils.o(i.LEDBlue_On) refers to utils.o(i.__get_PRIMASK) for __get_PRIMASK
    utils.o(i.LEDBlue_On) refers to utils.o(i.__set_PRIMASK) for __set_PRIMASK
    utils.o(i.LEDGreen_On) refers to utils.o(i.__get_PRIMASK) for __get_PRIMASK
    utils.o(i.LEDGreen_On) refers to utils.o(i.__set_PRIMASK) for __set_PRIMASK
    utils.o(i.LEDRed_On) refers to utils.o(i.__get_PRIMASK) for __get_PRIMASK
    utils.o(i.LEDRed_On) refers to utils.o(i.__set_PRIMASK) for __set_PRIMASK
    utils.o(i.LED_Off) refers to utils.o(i.__get_PRIMASK) for __get_PRIMASK
    utils.o(i.LED_Off) refers to utils.o(i.__set_PRIMASK) for __set_PRIMASK
    lock.o(i.l_lock) refers to 3140.o(myProg) for process_blocked
    lock.o(i.l_lock) refers to process_soln.o(.data) for current_process
    lock.o(i.l_unlock) refers to process_soln.o(.data) for process_queue
    process_soln.o(i.pop_front_process) refers to process_soln.o(.data) for process_queue
    process_soln.o(i.process_create) refers to 3140_concur.o(i.process_stack_init) for process_stack_init
    process_soln.o(i.process_create) refers to malloc2.o(i.__malloc$2region) for malloc
    process_soln.o(i.process_create) refers to 3140_concur.o(i.process_stack_free) for process_stack_free
    process_soln.o(i.process_create) refers to process_soln.o(i.push_tail_process) for push_tail_process
    process_soln.o(i.process_free) refers to 3140_concur.o(i.process_stack_free) for process_stack_free
    process_soln.o(i.process_free) refers to malloc2.o(i.__free$2region) for free
    process_soln.o(i.process_select) refers to process_soln.o(i.push_tail_process) for push_tail_process
    process_soln.o(i.process_select) refers to process_soln.o(i.process_free) for process_free
    process_soln.o(i.process_select) refers to process_soln.o(i.pop_front_process) for pop_front_process
    process_soln.o(i.process_select) refers to process_soln.o(.data) for current_process
    process_soln.o(i.process_start) refers to 3140.o(myProg) for process_begin
    process_soln.o(i.process_start) refers to process_soln.o(.data) for process_queue
    process_soln.o(i.push_tail_process) refers to process_soln.o(.data) for process_queue
    test_l2.o(i.main) refers to utils.o(i.LED_Initialize) for LED_Initialize
    test_l2.o(i.main) refers to lock.o(i.l_init) for l_init
    test_l2.o(i.main) refers to process_soln.o(i.process_create) for process_create
    test_l2.o(i.main) refers to process_soln.o(i.process_start) for process_start
    test_l2.o(i.main) refers to utils.o(i.LEDGreen_On) for LEDGreen_On
    test_l2.o(i.main) refers to test_l2.o(.bss) for a
    test_l2.o(i.main) refers to test_l2.o(i.p1) for p1
    test_l2.o(i.main) refers to test_l2.o(i.p2) for p2
    test_l2.o(i.p1) refers to utils.o(i.delay) for delay
    test_l2.o(i.p1) refers to lock.o(i.l_lock) for l_lock
    test_l2.o(i.p1) refers to utils.o(i.LEDRed_Toggle) for LEDRed_Toggle
    test_l2.o(i.p1) refers to lock.o(i.l_unlock) for l_unlock
    test_l2.o(i.p1) refers to test_l2.o(.bss) for a
    test_l2.o(i.p2) refers to utils.o(i.delay) for delay
    test_l2.o(i.p2) refers to lock.o(i.l_lock) for l_lock
    test_l2.o(i.p2) refers to utils.o(i.LEDBlue_Toggle) for LEDBlue_Toggle
    test_l2.o(i.p2) refers to lock.o(i.l_unlock) for l_unlock
    test_l2.o(i.p2) refers to test_l2.o(.bss) for b
    startup_mk64f12.o(RESET) refers to startup_mk64f12.o(.text) for Reset_Handler
    startup_mk64f12.o(RESET) refers to 3140.o(myProg) for SVC_Handler
    startup_mk64f12.o(.text) refers to startup_mk64f12.o(FlashConfig) for FlashConfig
    startup_mk64f12.o(.text) refers to system_mk64f12.o(i.SystemInit) for SystemInit
    startup_mk64f12.o(.text) refers to startup.o(i.init_data_bss) for init_data_bss
    startup_mk64f12.o(.text) refers to entry.o(.ARM.Collect$$$$00000000) for __main
    system_mk64f12.o(i.SystemCoreClockUpdate) refers to system_mk64f12.o(.data) for SystemCoreClock
    entry.o(.ARM.Collect$$$$00000000) refers (Special) to entry10a.o(.ARM.Collect$$$$0000000D) for __rt_final_cpp
    entry.o(.ARM.Collect$$$$00000000) refers (Special) to entry11a.o(.ARM.Collect$$$$0000000F) for __rt_final_exit
    entry.o(.ARM.Collect$$$$00000000) refers (Special) to entry7b.o(.ARM.Collect$$$$00000008) for _main_clock
    entry.o(.ARM.Collect$$$$00000000) refers (Special) to entry8b.o(.ARM.Collect$$$$0000000A) for _main_cpp_init
    entry.o(.ARM.Collect$$$$00000000) refers (Special) to entry9a.o(.ARM.Collect$$$$0000000B) for _main_init
    entry.o(.ARM.Collect$$$$00000000) refers (Special) to entry5.o(.ARM.Collect$$$$00000004) for _main_scatterload
    entry.o(.ARM.Collect$$$$00000000) refers (Special) to entry4.o(.ARM.Collect$$$$00000003) for _main_stk
    malloc2.o(i.__free$2region) refers to mvars.o(.data) for __microlib_freelist
    malloc2.o(i.__malloc$2region) refers to mvars.o(.data) for __microlib_freelist_initialised
    malloc2.o(i.__malloc$2region) refers to mvars.o(.data) for __microlib_freelist
    mallocr2.o(i.__free$realloc$2region) refers to mvars.o(.data) for __microlib_freelist
    mallocr2.o(i.__malloc$realloc$2region) refers to mallocr2.o(i.internal_alloc) for internal_alloc
    mallocr2.o(i.__malloc$realloc$2region) refers to mvars.o(.data) for __microlib_freelist_initialised
    mallocr2.o(i.__malloc$realloc$2region) refers to mvars.o(.data) for __microlib_freelist
    mallocr2.o(i.__realloc$2region) refers to mallocr2.o(i.__free$realloc$2region) for __free$realloc$2region
    mallocr2.o(i.__realloc$2region) refers to mallocr2.o(i.internal_alloc) for internal_alloc
    mallocr2.o(i.__realloc$2region) refers to mallocr2.o(i.__malloc$realloc$2region) for __malloc$realloc$2region
    mallocr2.o(i.__realloc$2region) refers to mvars.o(.data) for __microlib_freelist
    mallocr2.o(i.internal_alloc) refers to memcpya.o(.text) for __aeabi_memcpy
    mallocr2.o(i.internal_alloc) refers to mvars.o(.data) for __microlib_freelist
    malloca2.o(i.__aligned_malloc$2region) refers to mvars.o(.data) for __microlib_freelist_initialised
    malloca2.o(i.__aligned_malloc$2region) refers to mvars.o(.data) for __microlib_freelist
    malloca2.o(i.__free$memalign$2region) refers to mvars.o(.data) for __microlib_freelist
    malloca2.o(i.__malloc$memalign$2region) refers to malloca2.o(i.__aligned_malloc$2region) for __aligned_malloc$2region
    mallocra2.o(i.__aligned_malloc$realloc$2region) refers to mallocra2.o(i.internal_alloc) for internal_alloc
    mallocra2.o(i.__aligned_malloc$realloc$2region) refers to mvars.o(.data) for __microlib_freelist_initialised
    mallocra2.o(i.__aligned_malloc$realloc$2region) refers to mvars.o(.data) for __microlib_freelist
    mallocra2.o(i.__free$realloc$memalign$2region) refers to mvars.o(.data) for __microlib_freelist
    mallocra2.o(i.__malloc$realloc$memalign$2region) refers to mallocra2.o(i.__aligned_malloc$realloc$2region) for __aligned_malloc$realloc$2region
    mallocra2.o(i.__realloc$memalign$2region) refers to mallocra2.o(i.__free$realloc$memalign$2region) for __free$realloc$memalign$2region
    mallocra2.o(i.__realloc$memalign$2region) refers to mallocra2.o(i.internal_alloc) for internal_alloc
    mallocra2.o(i.__realloc$memalign$2region) refers to mallocra2.o(i.__malloc$realloc$memalign$2region) for __malloc$realloc$memalign$2region
    mallocra2.o(i.__realloc$memalign$2region) refers to mvars.o(.data) for __microlib_freelist
    mallocra2.o(i.internal_alloc) refers to memcpya.o(.text) for __aeabi_memcpy
    mallocra2.o(i.internal_alloc) refers to mvars.o(.data) for __microlib_freelist
    entry4.o(.ARM.Collect$$$$00000003) refers to entry4.o(.ARM.Collect$$$$00002714) for __lit__00000000
    entry4.o(__vectab_stack_and_reset_area) refers to entry.o(.ARM.Collect$$$$00000000) for __main
    entry5.o(.ARM.Collect$$$$00000004) refers to init.o(.text) for __scatterload
    entry9a.o(.ARM.Collect$$$$0000000B) refers to test_l2.o(i.main) for main
    entry9b.o(.ARM.Collect$$$$0000000C) refers to test_l2.o(i.main) for main
    init.o(.text) refers to entry5.o(.ARM.Collect$$$$00000004) for __main_after_scatterload


==============================================================================

Removing Unused input sections from the image.

    Removing 3140_concur.o(.rev16_text), (4 bytes).
    Removing 3140_concur.o(.revsh_text), (4 bytes).
    Removing 3140_concur.o(.rrx_text), (6 bytes).
    Removing utils.o(.rev16_text), (4 bytes).
    Removing utils.o(.revsh_text), (4 bytes).
    Removing utils.o(.rrx_text), (6 bytes).
    Removing utils.o(i.LEDBlue_On), (44 bytes).
    Removing utils.o(i.LEDGreen_Toggle), (16 bytes).
    Removing utils.o(i.LEDRed_On), (44 bytes).
    Removing utils.o(i.LED_Off), (44 bytes).
    Removing lock.o(.rev16_text), (4 bytes).
    Removing lock.o(.revsh_text), (4 bytes).
    Removing lock.o(.rrx_text), (6 bytes).
    Removing process_soln.o(.rev16_text), (4 bytes).
    Removing process_soln.o(.revsh_text), (4 bytes).
    Removing process_soln.o(.rrx_text), (6 bytes).
    Removing test_l2.o(.rev16_text), (4 bytes).
    Removing test_l2.o(.revsh_text), (4 bytes).
    Removing test_l2.o(.rrx_text), (6 bytes).
    Removing startup.o(.rev16_text), (4 bytes).
    Removing startup.o(.revsh_text), (4 bytes).
    Removing startup.o(.rrx_text), (6 bytes).
    Removing system_mk64f12.o(.rev16_text), (4 bytes).
    Removing system_mk64f12.o(.revsh_text), (4 bytes).
    Removing system_mk64f12.o(.rrx_text), (6 bytes).
    Removing system_mk64f12.o(i.SystemCoreClockUpdate), (452 bytes).
    Removing system_mk64f12.o(.data), (4 bytes).

27 unused section(s) (total 702 bytes) removed from the image.

==============================================================================

Image Symbol Table

    Local Symbols

    Symbol Name                              Value     Ov Type        Size  Object(Section)

    RESET                                    0x00000000   Section     1024  startup_mk64f12.o(RESET)
    ../clib/microlib/init/entry.s            0x00000000   Number         0  entry7a.o ABSOLUTE
    ../clib/microlib/init/entry.s            0x00000000   Number         0  entry5.o ABSOLUTE
    ../clib/microlib/init/entry.s            0x00000000   Number         0  entry4.o ABSOLUTE
    ../clib/microlib/init/entry.s            0x00000000   Number         0  entry11b.o ABSOLUTE
    ../clib/microlib/init/entry.s            0x00000000   Number         0  entry.o ABSOLUTE
    ../clib/microlib/init/entry.s            0x00000000   Number         0  entry11a.o ABSOLUTE
    ../clib/microlib/init/entry.s            0x00000000   Number         0  entry10b.o ABSOLUTE
    ../clib/microlib/init/entry.s            0x00000000   Number         0  entry10a.o ABSOLUTE
    ../clib/microlib/init/entry.s            0x00000000   Number         0  entry9b.o ABSOLUTE
    ../clib/microlib/init/entry.s            0x00000000   Number         0  entry9a.o ABSOLUTE
    ../clib/microlib/init/entry.s            0x00000000   Number         0  entry8b.o ABSOLUTE
    ../clib/microlib/init/entry.s            0x00000000   Number         0  entry8a.o ABSOLUTE
    ../clib/microlib/init/entry.s            0x00000000   Number         0  entry7b.o ABSOLUTE
    ../clib/microlib/malloc/malloc.c         0x00000000   Number         0  mallocra2.o ABSOLUTE
    ../clib/microlib/malloc/malloc.c         0x00000000   Number         0  malloca2.o ABSOLUTE
    ../clib/microlib/malloc/malloc.c         0x00000000   Number         0  mallocr2.o ABSOLUTE
    ../clib/microlib/malloc/malloc.c         0x00000000   Number         0  malloc2.o ABSOLUTE
    ../clib/microlib/malloc/mvars.c          0x00000000   Number         0  mvars.o ABSOLUTE
    ../clib/microlib/string/memcpy.c         0x00000000   Number         0  memcpyb.o ABSOLUTE
    ../clib/microlib/string/memcpy.c         0x00000000   Number         0  memcpya.o ABSOLUTE
    3140.s                                   0x00000000   Number         0  3140.o ABSOLUTE
    3140_concur.c                            0x00000000   Number         0  3140_concur.o ABSOLUTE
    3140_concur.c                            0x00000000   Number         0  3140_concur.o ABSOLUTE
    C:\Keil_v5\ARM\PACK\Keil\Kinetis_SDK_DFP\2.2.0\platform\devices\startup.c 0x00000000   Number         0  startup.o ABSOLUTE
    C:\\Keil_v5\\ARM\\PACK\\Keil\\Kinetis_SDK_DFP\\2.2.0\\platform\\devices\\startup.c 0x00000000   Number         0  startup.o ABSOLUTE
    RTE\Device\MK64FN1M0VLL12\startup_MK64F12.s 0x00000000   Number         0  startup_mk64f12.o ABSOLUTE
    RTE\Device\MK64FN1M0VLL12\system_MK64F12.c 0x00000000   Number         0  system_mk64f12.o ABSOLUTE
    RTE\\Device\\MK64FN1M0VLL12\\system_MK64F12.c 0x00000000   Number         0  system_mk64f12.o ABSOLUTE
    dc.s                                     0x00000000   Number         0  dc.o ABSOLUTE
    handlers.s                               0x00000000   Number         0  handlers.o ABSOLUTE
    init.s                                   0x00000000   Number         0  init.o ABSOLUTE
    lock.c                                   0x00000000   Number         0  lock.o ABSOLUTE
    lock.c                                   0x00000000   Number         0  lock.o ABSOLUTE
    process_soln.c                           0x00000000   Number         0  process_soln.o ABSOLUTE
    process_soln.c                           0x00000000   Number         0  process_soln.o ABSOLUTE
    test_l2.c                                0x00000000   Number         0  test_l2.o ABSOLUTE
    test_l2.c                                0x00000000   Number         0  test_l2.o ABSOLUTE
    utils.c                                  0x00000000   Number         0  utils.o ABSOLUTE
    utils.c                                  0x00000000   Number         0  utils.o ABSOLUTE
    FlashConfig                              0x00000400   Section       16  startup_mk64f12.o(FlashConfig)
    .ARM.Collect$$$$00000000                 0x00000410   Section        0  entry.o(.ARM.Collect$$$$00000000)
    .ARM.Collect$$$$00000003                 0x00000410   Section        4  entry4.o(.ARM.Collect$$$$00000003)
    .ARM.Collect$$$$00000004                 0x00000414   Section        4  entry5.o(.ARM.Collect$$$$00000004)
    .ARM.Collect$$$$00000008                 0x00000418   Section        0  entry7b.o(.ARM.Collect$$$$00000008)
    .ARM.Collect$$$$0000000A                 0x00000418   Section        0  entry8b.o(.ARM.Collect$$$$0000000A)
    .ARM.Collect$$$$0000000B                 0x00000418   Section        8  entry9a.o(.ARM.Collect$$$$0000000B)
    .ARM.Collect$$$$0000000D                 0x00000420   Section        0  entry10a.o(.ARM.Collect$$$$0000000D)
    .ARM.Collect$$$$0000000F                 0x00000420   Section        0  entry11a.o(.ARM.Collect$$$$0000000F)
    .ARM.Collect$$$$00002714                 0x00000420   Section        4  entry4.o(.ARM.Collect$$$$00002714)
    __lit__00000000                          0x00000420   Data           4  entry4.o(.ARM.Collect$$$$00002714)
    .text                                    0x00000424   Section       56  startup_mk64f12.o(.text)
    .text                                    0x0000045c   Section       36  init.o(.text)
    i.LEDBlue_Toggle                         0x00000480   Section        0  utils.o(i.LEDBlue_Toggle)
    i.LEDGreen_On                            0x00000490   Section        0  utils.o(i.LEDGreen_On)
    i.LEDRed_Toggle                          0x000004c0   Section        0  utils.o(i.LEDRed_Toggle)
    i.LED_Initialize                         0x000004d0   Section        0  utils.o(i.LED_Initialize)
    i.SystemInit                             0x00000518   Section        0  system_mk64f12.o(i.SystemInit)
    i.__free$2region                         0x00000534   Section        0  malloc2.o(i.__free$2region)
    i.__get_PRIMASK                          0x00000584   Section        0  utils.o(i.__get_PRIMASK)
    __get_PRIMASK                            0x00000585   Thumb Code     6  utils.o(i.__get_PRIMASK)
    i.__malloc$2region                       0x0000058c   Section        0  malloc2.o(i.__malloc$2region)
    i.__scatterload_copy                     0x000005f8   Section       14  handlers.o(i.__scatterload_copy)
    i.__scatterload_null                     0x00000606   Section        2  handlers.o(i.__scatterload_null)
    i.__scatterload_zeroinit                 0x00000608   Section       14  handlers.o(i.__scatterload_zeroinit)
    i.__set_PRIMASK                          0x00000616   Section        0  utils.o(i.__set_PRIMASK)
    __set_PRIMASK                            0x00000617   Thumb Code     6  utils.o(i.__set_PRIMASK)
    i.delay                                  0x0000061c   Section        0  utils.o(i.delay)
    i.init_data_bss                          0x00000630   Section        0  startup.o(i.init_data_bss)
    i.l_init                                 0x00000678   Section        0  lock.o(i.l_init)
    i.l_lock                                 0x00000684   Section        0  lock.o(i.l_lock)
    i.l_unlock                               0x000006e0   Section        0  lock.o(i.l_unlock)
    i.main                                   0x00000740   Section        0  test_l2.o(i.main)
    i.p1                                     0x00000794   Section        0  test_l2.o(i.p1)
    i.p2                                     0x000007c8   Section        0  test_l2.o(i.p2)
    i.pop_front_process                      0x000007fc   Section        0  process_soln.o(i.pop_front_process)
    pop_front_process                        0x000007fd   Thumb Code    28  process_soln.o(i.pop_front_process)
    i.process_create                         0x0000081c   Section        0  process_soln.o(i.process_create)
    i.process_free                           0x00000864   Section        0  process_soln.o(i.process_free)
    process_free                             0x00000865   Thumb Code    20  process_soln.o(i.process_free)
    i.process_select                         0x00000878   Section        0  process_soln.o(i.process_select)
    i.process_stack_free                     0x000008cc   Section        0  3140_concur.o(i.process_stack_free)
    i.process_stack_init                     0x000008e0   Section        0  3140_concur.o(i.process_stack_init)
    i.process_start                          0x00000940   Section        0  process_soln.o(i.process_start)
    i.push_tail_process                      0x0000099c   Section        0  process_soln.o(i.push_tail_process)
    push_tail_process                        0x0000099d   Thumb Code    42  process_soln.o(i.push_tail_process)
    myProg                                   0x000009cc   Section      128  3140.o(myProg)
    SVC0_begin                               0x000009e5   Thumb Code     0  3140.o(myProg)
    SVC1_terminate                           0x000009ef   Thumb Code     0  3140.o(myProg)
    .data                                    0x20000000   Section        8  process_soln.o(.data)
    .data                                    0x20000008   Section        4  mvars.o(.data)
    .data                                    0x2000000c   Section        4  mvars.o(.data)
    myData                                   0x20000010   Section        4  3140.o(myData)
    OrigStackPointer                         0x20000010   Data           4  3140.o(myData)
    .bss                                     0x20000014   Section       24  test_l2.o(.bss)

    Global Symbols

    Symbol Name                              Value     Ov Type        Size  Object(Section)

    BuildAttributes$$THM_ISAv4$E$P$D$K$B$S$7EM$PE$A:L22UL41UL21$X:L11$S22US41US21$IEEE1$IW$USESV6$~STKCKD$USESV7$~SHL$OSPACE$EBA8$MICROLIB$REQ8$PRES8$EABIv2 0x00000000   Number         0  anon$$obj.o ABSOLUTE
    Image$$VECTOR_RAM$$Base                  0x00000000   Number         0  anon$$obj.o ABSOLUTE
    Image$$VECTOR_ROM$$Base                  0x00000000   Number         0  anon$$obj.o ABSOLUTE
    __ARM_use_no_argv                        0x00000000   Number         0  test_l2.o ABSOLUTE
    __Vectors                                0x00000000   Data           4  startup_mk64f12.o(RESET)
    __cpp_initialize__aeabi_                  - Undefined Weak Reference
    __cxa_finalize                            - Undefined Weak Reference
    __decompress                              - Undefined Weak Reference
    _clock_init                               - Undefined Weak Reference
    _microlib_exit                            - Undefined Weak Reference
    __Vectors_End                            0x00000400   Data           0  startup_mk64f12.o(RESET)
    __Vectors_Size                           0x00000400   Number         0  startup_mk64f12.o ABSOLUTE
    __main                                   0x00000411   Thumb Code     0  entry.o(.ARM.Collect$$$$00000000)
    _main_stk                                0x00000411   Thumb Code     0  entry4.o(.ARM.Collect$$$$00000003)
    _main_scatterload                        0x00000415   Thumb Code     0  entry5.o(.ARM.Collect$$$$00000004)
    __main_after_scatterload                 0x00000419   Thumb Code     0  entry5.o(.ARM.Collect$$$$00000004)
    _main_clock                              0x00000419   Thumb Code     0  entry7b.o(.ARM.Collect$$$$00000008)
    _main_cpp_init                           0x00000419   Thumb Code     0  entry8b.o(.ARM.Collect$$$$0000000A)
    _main_init                               0x00000419   Thumb Code     0  entry9a.o(.ARM.Collect$$$$0000000B)
    __rt_final_cpp                           0x00000421   Thumb Code     0  entry10a.o(.ARM.Collect$$$$0000000D)
    __rt_final_exit                          0x00000421   Thumb Code     0  entry11a.o(.ARM.Collect$$$$0000000F)
    Reset_Handler                            0x00000425   Thumb Code    18  startup_mk64f12.o(.text)
    NMI_Handler                              0x00000437   Thumb Code     2  startup_mk64f12.o(.text)
    HardFault_Handler                        0x00000439   Thumb Code     2  startup_mk64f12.o(.text)
    MemManage_Handler                        0x0000043b   Thumb Code     2  startup_mk64f12.o(.text)
    BusFault_Handler                         0x0000043d   Thumb Code     2  startup_mk64f12.o(.text)
    UsageFault_Handler                       0x0000043f   Thumb Code     2  startup_mk64f12.o(.text)
    DebugMon_Handler                         0x00000443   Thumb Code     2  startup_mk64f12.o(.text)
    PendSV_Handler                           0x00000445   Thumb Code     2  startup_mk64f12.o(.text)
    SysTick_Handler                          0x00000447   Thumb Code     2  startup_mk64f12.o(.text)
    ADC0_IRQHandler                          0x00000449   Thumb Code     0  startup_mk64f12.o(.text)
    ADC1_IRQHandler                          0x00000449   Thumb Code     0  startup_mk64f12.o(.text)
    CAN0_Bus_Off_IRQHandler                  0x00000449   Thumb Code     0  startup_mk64f12.o(.text)
    CAN0_Error_IRQHandler                    0x00000449   Thumb Code     0  startup_mk64f12.o(.text)
    CAN0_ORed_Message_buffer_IRQHandler      0x00000449   Thumb Code     0  startup_mk64f12.o(.text)
    CAN0_Rx_Warning_IRQHandler               0x00000449   Thumb Code     0  startup_mk64f12.o(.text)
    CAN0_Tx_Warning_IRQHandler               0x00000449   Thumb Code     0  startup_mk64f12.o(.text)
    CAN0_Wake_Up_IRQHandler                  0x00000449   Thumb Code     0  startup_mk64f12.o(.text)
    CMP0_IRQHandler                          0x00000449   Thumb Code     0  startup_mk64f12.o(.text)
    CMP1_IRQHandler                          0x00000449   Thumb Code     0  startup_mk64f12.o(.text)
    CMP2_IRQHandler                          0x00000449   Thumb Code     0  startup_mk64f12.o(.text)
    CMT_IRQHandler                           0x00000449   Thumb Code     0  startup_mk64f12.o(.text)
    DAC0_IRQHandler                          0x00000449   Thumb Code     0  startup_mk64f12.o(.text)
    DAC1_IRQHandler                          0x00000449   Thumb Code     0  startup_mk64f12.o(.text)
    DMA0_IRQHandler                          0x00000449   Thumb Code     0  startup_mk64f12.o(.text)
    DMA10_IRQHandler                         0x00000449   Thumb Code     0  startup_mk64f12.o(.text)
    DMA11_IRQHandler                         0x00000449   Thumb Code     0  startup_mk64f12.o(.text)
    DMA12_IRQHandler                         0x00000449   Thumb Code     0  startup_mk64f12.o(.text)
    DMA13_IRQHandler                         0x00000449   Thumb Code     0  startup_mk64f12.o(.text)
    DMA14_IRQHandler                         0x00000449   Thumb Code     0  startup_mk64f12.o(.text)
    DMA15_IRQHandler                         0x00000449   Thumb Code     0  startup_mk64f12.o(.text)
    DMA1_IRQHandler                          0x00000449   Thumb Code     0  startup_mk64f12.o(.text)
    DMA2_IRQHandler                          0x00000449   Thumb Code     0  startup_mk64f12.o(.text)
    DMA3_IRQHandler                          0x00000449   Thumb Code     0  startup_mk64f12.o(.text)
    DMA4_IRQHandler                          0x00000449   Thumb Code     0  startup_mk64f12.o(.text)
    DMA5_IRQHandler                          0x00000449   Thumb Code     0  startup_mk64f12.o(.text)
    DMA6_IRQHandler                          0x00000449   Thumb Code     0  startup_mk64f12.o(.text)
    DMA7_IRQHandler                          0x00000449   Thumb Code     0  startup_mk64f12.o(.text)
    DMA8_IRQHandler                          0x00000449   Thumb Code     0  startup_mk64f12.o(.text)
    DMA9_IRQHandler                          0x00000449   Thumb Code     0  startup_mk64f12.o(.text)
    DMA_Error_IRQHandler                     0x00000449   Thumb Code     0  startup_mk64f12.o(.text)
    DefaultISR                               0x00000449   Thumb Code     0  startup_mk64f12.o(.text)
    ENET_1588_Timer_IRQHandler               0x00000449   Thumb Code     0  startup_mk64f12.o(.text)
    ENET_Error_IRQHandler                    0x00000449   Thumb Code     0  startup_mk64f12.o(.text)
    ENET_Receive_IRQHandler                  0x00000449   Thumb Code     0  startup_mk64f12.o(.text)
    ENET_Transmit_IRQHandler                 0x00000449   Thumb Code     0  startup_mk64f12.o(.text)
    FTFE_IRQHandler                          0x00000449   Thumb Code     0  startup_mk64f12.o(.text)
    FTM0_IRQHandler                          0x00000449   Thumb Code     0  startup_mk64f12.o(.text)
    FTM1_IRQHandler                          0x00000449   Thumb Code     0  startup_mk64f12.o(.text)
    FTM2_IRQHandler                          0x00000449   Thumb Code     0  startup_mk64f12.o(.text)
    FTM3_IRQHandler                          0x00000449   Thumb Code     0  startup_mk64f12.o(.text)
    I2C0_IRQHandler                          0x00000449   Thumb Code     0  startup_mk64f12.o(.text)
    I2C1_IRQHandler                          0x00000449   Thumb Code     0  startup_mk64f12.o(.text)
    I2C2_IRQHandler                          0x00000449   Thumb Code     0  startup_mk64f12.o(.text)
    I2S0_Rx_IRQHandler                       0x00000449   Thumb Code     0  startup_mk64f12.o(.text)
    I2S0_Tx_IRQHandler                       0x00000449   Thumb Code     0  startup_mk64f12.o(.text)
    LLWU_IRQHandler                          0x00000449   Thumb Code     0  startup_mk64f12.o(.text)
    LPTMR0_IRQHandler                        0x00000449   Thumb Code     0  startup_mk64f12.o(.text)
    LVD_LVW_IRQHandler                       0x00000449   Thumb Code     0  startup_mk64f12.o(.text)
    MCG_IRQHandler                           0x00000449   Thumb Code     0  startup_mk64f12.o(.text)
    MCM_IRQHandler                           0x00000449   Thumb Code     0  startup_mk64f12.o(.text)
    PDB0_IRQHandler                          0x00000449   Thumb Code     0  startup_mk64f12.o(.text)
    PIT1_IRQHandler                          0x00000449   Thumb Code     0  startup_mk64f12.o(.text)
    PIT2_IRQHandler                          0x00000449   Thumb Code     0  startup_mk64f12.o(.text)
    PIT3_IRQHandler                          0x00000449   Thumb Code     0  startup_mk64f12.o(.text)
    PORTA_IRQHandler                         0x00000449   Thumb Code     0  startup_mk64f12.o(.text)
    PORTB_IRQHandler                         0x00000449   Thumb Code     0  startup_mk64f12.o(.text)
    PORTC_IRQHandler                         0x00000449   Thumb Code     0  startup_mk64f12.o(.text)
    PORTD_IRQHandler                         0x00000449   Thumb Code     0  startup_mk64f12.o(.text)
    PORTE_IRQHandler                         0x00000449   Thumb Code     0  startup_mk64f12.o(.text)
    RNG_IRQHandler                           0x00000449   Thumb Code     0  startup_mk64f12.o(.text)
    RTC_IRQHandler                           0x00000449   Thumb Code     0  startup_mk64f12.o(.text)
    RTC_Seconds_IRQHandler                   0x00000449   Thumb Code     0  startup_mk64f12.o(.text)
    Read_Collision_IRQHandler                0x00000449   Thumb Code     0  startup_mk64f12.o(.text)
    Reserved71_IRQHandler                    0x00000449   Thumb Code     0  startup_mk64f12.o(.text)
    SDHC_IRQHandler                          0x00000449   Thumb Code     0  startup_mk64f12.o(.text)
    SPI0_IRQHandler                          0x00000449   Thumb Code     0  startup_mk64f12.o(.text)
    SPI1_IRQHandler                          0x00000449   Thumb Code     0  startup_mk64f12.o(.text)
    SPI2_IRQHandler                          0x00000449   Thumb Code     0  startup_mk64f12.o(.text)
    SWI_IRQHandler                           0x00000449   Thumb Code     0  startup_mk64f12.o(.text)
    UART0_ERR_IRQHandler                     0x00000449   Thumb Code     0  startup_mk64f12.o(.text)
    UART0_LON_IRQHandler                     0x00000449   Thumb Code     0  startup_mk64f12.o(.text)
    UART0_RX_TX_IRQHandler                   0x00000449   Thumb Code     0  startup_mk64f12.o(.text)
    UART1_ERR_IRQHandler                     0x00000449   Thumb Code     0  startup_mk64f12.o(.text)
    UART1_RX_TX_IRQHandler                   0x00000449   Thumb Code     0  startup_mk64f12.o(.text)
    UART2_ERR_IRQHandler                     0x00000449   Thumb Code     0  startup_mk64f12.o(.text)
    UART2_RX_TX_IRQHandler                   0x00000449   Thumb Code     0  startup_mk64f12.o(.text)
    UART3_ERR_IRQHandler                     0x00000449   Thumb Code     0  startup_mk64f12.o(.text)
    UART3_RX_TX_IRQHandler                   0x00000449   Thumb Code     0  startup_mk64f12.o(.text)
    UART4_ERR_IRQHandler                     0x00000449   Thumb Code     0  startup_mk64f12.o(.text)
    UART4_RX_TX_IRQHandler                   0x00000449   Thumb Code     0  startup_mk64f12.o(.text)
    UART5_ERR_IRQHandler                     0x00000449   Thumb Code     0  startup_mk64f12.o(.text)
    UART5_RX_TX_IRQHandler                   0x00000449   Thumb Code     0  startup_mk64f12.o(.text)
    USB0_IRQHandler                          0x00000449   Thumb Code     0  startup_mk64f12.o(.text)
    USBDCD_IRQHandler                        0x00000449   Thumb Code     0  startup_mk64f12.o(.text)
    WDOG_EWM_IRQHandler                      0x00000449   Thumb Code     0  startup_mk64f12.o(.text)
    __scatterload                            0x0000045d   Thumb Code    28  init.o(.text)
    __scatterload_rt2                        0x0000045d   Thumb Code     0  init.o(.text)
    LEDBlue_Toggle                           0x00000481   Thumb Code    10  utils.o(i.LEDBlue_Toggle)
    LEDGreen_On                              0x00000491   Thumb Code    38  utils.o(i.LEDGreen_On)
    LEDRed_Toggle                            0x000004c1   Thumb Code    10  utils.o(i.LEDRed_Toggle)
    LED_Initialize                           0x000004d1   Thumb Code    50  utils.o(i.LED_Initialize)
    SystemInit                               0x00000519   Thumb Code    22  system_mk64f12.o(i.SystemInit)
    free                                     0x00000535   Thumb Code    76  malloc2.o(i.__free$2region)
    malloc                                   0x0000058d   Thumb Code    92  malloc2.o(i.__malloc$2region)
    __scatterload_copy                       0x000005f9   Thumb Code    14  handlers.o(i.__scatterload_copy)
    __scatterload_null                       0x00000607   Thumb Code     2  handlers.o(i.__scatterload_null)
    __scatterload_zeroinit                   0x00000609   Thumb Code    14  handlers.o(i.__scatterload_zeroinit)
    delay                                    0x0000061d   Thumb Code    14  utils.o(i.delay)
    init_data_bss                            0x00000631   Thumb Code    54  startup.o(i.init_data_bss)
    l_init                                   0x00000679   Thumb Code    10  lock.o(i.l_init)
    l_lock                                   0x00000685   Thumb Code    84  lock.o(i.l_lock)
    l_unlock                                 0x000006e1   Thumb Code    86  lock.o(i.l_unlock)
    main                                     0x00000741   Thumb Code    66  test_l2.o(i.main)
    p1                                       0x00000795   Thumb Code    44  test_l2.o(i.p1)
    p2                                       0x000007c9   Thumb Code    44  test_l2.o(i.p2)
    process_create                           0x0000081d   Thumb Code    72  process_soln.o(i.process_create)
    process_select                           0x00000879   Thumb Code    78  process_soln.o(i.process_select)
    process_stack_free                       0x000008cd   Thumb Code    18  3140_concur.o(i.process_stack_free)
    process_stack_init                       0x000008e1   Thumb Code    90  3140_concur.o(i.process_stack_init)
    process_start                            0x00000941   Thumb Code    70  process_soln.o(i.process_start)
    SVC_Handler                              0x000009cd   Thumb Code     0  3140.o(myProg)
    process_terminated                       0x000009f3   Thumb Code     0  3140.o(myProg)
    process_begin                            0x000009f7   Thumb Code     0  3140.o(myProg)
    process_blocked                          0x000009fd   Thumb Code     0  3140.o(myProg)
    PIT0_IRQHandler                          0x00000a03   Thumb Code     0  3140.o(myProg)
    Region$$Table$$Base                      0x00000a4c   Number         0  anon$$obj.o(Region$$Table)
    Region$$Table$$Limit                     0x00000a6c   Number         0  anon$$obj.o(Region$$Table)
    Image$$RW_m_data$$Base                   0x1fff0000   Number         0  anon$$obj.o ABSOLUTE
    current_process                          0x20000000   Data           4  process_soln.o(.data)
    process_queue                            0x20000004   Data           4  process_soln.o(.data)
    __microlib_freelist                      0x20000008   Data           4  mvars.o(.data)
    __microlib_freelist_initialised          0x2000000c   Data           4  mvars.o(.data)
    a                                        0x20000014   Data          12  test_l2.o(.bss)
    b                                        0x20000020   Data          12  test_l2.o(.bss)
    Image$$ARM_LIB_HEAP$$ZI$$Base            0x2000002c   Number         0  anon$$obj.o ABSOLUTE
    Image$$ARM_LIB_HEAP$$ZI$$Limit           0x2000042c   Number         0  anon$$obj.o ABSOLUTE
    Image$$ARM_LIB_STACK$$ZI$$Limit          0x20030000   Number         0  anon$$obj.o ABSOLUTE



==============================================================================

Memory Map of the image

  Image Entry point : 0x00000411

  Load Region LR_m_text (Base: 0x00000410, Size: 0x00000670, Max: 0x000ffbf0, ABSOLUTE)

    Execution Region ER_m_text (Base: 0x00000410, Size: 0x0000065c, Max: 0x000ffbf0, ABSOLUTE)

    Base Addr    Size         Type   Attr      Idx    E Section Name        Object

    0x00000410   0x00000000   Code   RO          384  * .ARM.Collect$$$$00000000  mc_w.l(entry.o)
    0x00000410   0x00000004   Code   RO          415    .ARM.Collect$$$$00000003  mc_w.l(entry4.o)
    0x00000414   0x00000004   Code   RO          418    .ARM.Collect$$$$00000004  mc_w.l(entry5.o)
    0x00000418   0x00000000   Code   RO          420    .ARM.Collect$$$$00000008  mc_w.l(entry7b.o)
    0x00000418   0x00000000   Code   RO          422    .ARM.Collect$$$$0000000A  mc_w.l(entry8b.o)
    0x00000418   0x00000008   Code   RO          423    .ARM.Collect$$$$0000000B  mc_w.l(entry9a.o)
    0x00000420   0x00000000   Code   RO          425    .ARM.Collect$$$$0000000D  mc_w.l(entry10a.o)
    0x00000420   0x00000000   Code   RO          427    .ARM.Collect$$$$0000000F  mc_w.l(entry11a.o)
    0x00000420   0x00000004   Code   RO          416    .ARM.Collect$$$$00002714  mc_w.l(entry4.o)
    0x00000424   0x00000038   Code   RO          344    .text               startup_mk64f12.o
    0x0000045c   0x00000024   Code   RO          435    .text               mc_w.l(init.o)
    0x00000480   0x00000010   Code   RO           84    i.LEDBlue_Toggle    utils.o
    0x00000490   0x00000030   Code   RO           85    i.LEDGreen_On       utils.o
    0x000004c0   0x00000010   Code   RO           88    i.LEDRed_Toggle     utils.o
    0x000004d0   0x00000048   Code   RO           89    i.LED_Initialize    utils.o
    0x00000518   0x0000001c   Code   RO          352    i.SystemInit        system_mk64f12.o
    0x00000534   0x00000050   Code   RO          387    i.__free$2region    mc_w.l(malloc2.o)
    0x00000584   0x00000006   Code   RO           91    i.__get_PRIMASK     utils.o
    0x0000058a   0x00000002   PAD
    0x0000058c   0x0000006c   Code   RO          388    i.__malloc$2region  mc_w.l(malloc2.o)
    0x000005f8   0x0000000e   Code   RO          439    i.__scatterload_copy  mc_w.l(handlers.o)
    0x00000606   0x00000002   Code   RO          440    i.__scatterload_null  mc_w.l(handlers.o)
    0x00000608   0x0000000e   Code   RO          441    i.__scatterload_zeroinit  mc_w.l(handlers.o)
    0x00000616   0x00000006   Code   RO           92    i.__set_PRIMASK     utils.o
    0x0000061c   0x00000014   Code   RO           93    i.delay             utils.o
    0x00000630   0x00000048   Code   RO          317    i.init_data_bss     startup.o
    0x00000678   0x0000000a   Code   RO          171    i.l_init            lock.o
    0x00000682   0x00000002   PAD
    0x00000684   0x0000005c   Code   RO          172    i.l_lock            lock.o
    0x000006e0   0x00000060   Code   RO          173    i.l_unlock          lock.o
    0x00000740   0x00000054   Code   RO          278    i.main              test_l2.o
    0x00000794   0x00000034   Code   RO          279    i.p1                test_l2.o
    0x000007c8   0x00000034   Code   RO          280    i.p2                test_l2.o
    0x000007fc   0x00000020   Code   RO          217    i.pop_front_process  process_soln.o
    0x0000081c   0x00000048   Code   RO          218    i.process_create    process_soln.o
    0x00000864   0x00000014   Code   RO          219    i.process_free      process_soln.o
    0x00000878   0x00000054   Code   RO          220    i.process_select    process_soln.o
    0x000008cc   0x00000012   Code   RO           13    i.process_stack_free  3140_concur.o
    0x000008de   0x00000002   PAD
    0x000008e0   0x00000060   Code   RO           14    i.process_stack_init  3140_concur.o
    0x00000940   0x0000005c   Code   RO          221    i.process_start     process_soln.o
    0x0000099c   0x00000030   Code   RO          222    i.push_tail_process  process_soln.o
    0x000009cc   0x00000080   Code   RO            5    myProg              3140.o
    0x00000a4c   0x00000020   Data   RO          437    Region$$Table       anon$$obj.o


    Execution Region RW_m_data (Base: 0x1fff0000, Size: 0x00000000, Max: 0x00010000, ABSOLUTE)

    **** No section assigned to this execution region ****


    Execution Region RW_m_data_2 (Base: 0x20000000, Size: 0x0000002c, Max: 0x0002f800, ABSOLUTE)

    Base Addr    Size         Type   Attr      Idx    E Section Name        Object

    0x20000000   0x00000008   Data   RW          223    .data               process_soln.o
    0x20000008   0x00000004   Data   RW          433    .data               mc_w.l(mvars.o)
    0x2000000c   0x00000004   Data   RW          434    .data               mc_w.l(mvars.o)
    0x20000010   0x00000004   Data   RW            4    myData              3140.o
    0x20000014   0x00000018   Zero   RW          281    .bss                test_l2.o


    Execution Region ARM_LIB_HEAP (Base: 0x2000002c, Size: 0x00000400, Max: 0x00000400, ABSOLUTE)

    Base Addr    Size         Type   Attr      Idx    E Section Name        Object

    0x2000002c   0x00000400   Zero   RW            1    ARM_LIB_HEAP.bss    anon$$obj.o


    Execution Region ARM_LIB_STACK (Base: 0x2002fc00, Size: 0x00000400, Max: 0x00000400, ABSOLUTE)

    Base Addr    Size         Type   Attr      Idx    E Section Name        Object

    0x2002fc00   0x00000400   Zero   RW            2    ARM_LIB_STACK.bss   anon$$obj.o



  Load Region LR_m_interrupts (Base: 0x00000000, Size: 0x00000400, Max: 0x00000400, ABSOLUTE)

    Execution Region VECTOR_RAM (Base: 0x00000000, Size: 0x00000000, Max: 0x00000000, ABSOLUTE)

    Base Addr    Size         Type   Attr      Idx    E Section Name        Object

    0x00000000   0x00000000   Zero   RW            3    VECTOR_RAM.bss      anon$$obj.o


    Execution Region VECTOR_ROM (Base: 0x00000000, Size: 0x00000400, Max: 0x00000400, ABSOLUTE)

    Base Addr    Size         Type   Attr      Idx    E Section Name        Object

    0x00000000   0x00000400   Data   RO          342    RESET               startup_mk64f12.o



  Load Region LR_m_flash_config (Base: 0x00000400, Size: 0x00000010, Max: 0x00000010, ABSOLUTE)

    Execution Region ER_m_flash_config (Base: 0x00000400, Size: 0x00000010, Max: 0x00000010, ABSOLUTE)

    Base Addr    Size         Type   Attr      Idx    E Section Name        Object

    0x00000400   0x00000010   Data   RO          343    FlashConfig         startup_mk64f12.o


==============================================================================

Image component sizes


      Code (inc. data)   RO Data    RW Data    ZI Data      Debug   Object Name

       128         26          0          4          0        296   3140.o
       114          6          0          0          0     622194   3140_concur.o
       198         18          0          0          0       2945   lock.o
       348         38          0          8          0      32277   process_soln.o
        72         18          0          0          0        532   startup.o
        56         18       1040          0          0        812   startup_mk64f12.o
        28          6          0          0          0        457   system_mk64f12.o
       188         34          0          0         24       1539   test_l2.o
       184         50          0          0          0       7476   utils.o

    ----------------------------------------------------------------------
      1322        214       1072         12       2072     668528   Object Totals
         0          0         32          0       2048          0   (incl. Generated)
         6          0          0          0          0          0   (incl. Padding)

    ----------------------------------------------------------------------

      Code (inc. data)   RO Data    RW Data    ZI Data      Debug   Library Member Name

         0          0          0          0          0          0   entry.o
         0          0          0          0          0          0   entry10a.o
         0          0          0          0          0          0   entry11a.o
         8          4          0          0          0          0   entry4.o
         4          0          0          0          0          0   entry5.o
         0          0          0          0          0          0   entry7b.o
         0          0          0          0          0          0   entry8b.o
         8          4          0          0          0          0   entry9a.o
        30          0          0          0          0          0   handlers.o
        36          8          0          0          0         68   init.o
       188         20          0          0          0        160   malloc2.o
         0          0          0          8          0          0   mvars.o

    ----------------------------------------------------------------------
       274         36          0          8          0        228   Library Totals
         0          0          0          0          0          0   (incl. Padding)

    ----------------------------------------------------------------------

      Code (inc. data)   RO Data    RW Data    ZI Data      Debug   Library Name

       274         36          0          8          0        228   mc_w.l

    ----------------------------------------------------------------------
       274         36          0          8          0        228   Library Totals

    ----------------------------------------------------------------------

==============================================================================


      Code (inc. data)   RO Data    RW Data    ZI Data      Debug   

      1596        250       1072         20       2072     667816   Grand Totals
      1596        250       1072         20       2072     667816   ELF Image Totals
      1596        250       1072         20          0          0   ROM Totals

==============================================================================

    Total RO  Size (Code + RO Data)                 2668 (   2.61kB)
    Total RW  Size (RW Data + ZI Data)              2092 (   2.04kB)
    Total ROM Size (Code + RO Data + RW Data)       2688 (   2.63kB)

==============================================================================

